> Task :compileJava
> Task :processResources UP-TO-DATE
> Task :classes
> Task :resolveMainClassName

> Task :bootRun

  .   ____          _            __ _ _
 /\\ / ___'_ __ _ _(_)_ __  __ _ \ \ \ \
( ( )\___ | '_ | '_| | '_ \/ _` | \ \ \ \
 \\/  ___)| |_)| | | | | || (_| |  ) ) ) )
  '  |____| .__|_| |_|_| |_\__, | / / / /
 =========|_|==============|___/=/_/_/_/

 :: Spring Boot ::                (v4.0.5)

2026-03-30T00:28:43.097+04:00  INFO 2040 --- [AlphaStocks] [           main] c.a.alphastocks.AlphaStocksApplication   : Starting AlphaStocksApplication using Java 21.0.9 with PID 2040 (C:\Users\DELL\IdeaProjects\fintech\AlphaStocks\build\classes\java\main started by D_N in C:\Users\DELL\IdeaProjects\fintech\AlphaStocks)
2026-03-30T00:28:43.101+04:00  INFO 2040 --- [AlphaStocks] [           main] c.a.alphastocks.AlphaStocksApplication   : No active profile set, falling back to 1 default profile: "default"
2026-03-30T00:28:44.203+04:00  INFO 2040 --- [AlphaStocks] [           main] .s.d.r.c.RepositoryConfigurationDelegate : Bootstrapping Spring Data JPA repositories in DEFAULT mode.
2026-03-30T00:28:44.236+04:00  INFO 2040 --- [AlphaStocks] [           main] .s.d.r.c.RepositoryConfigurationDelegate : Finished Spring Data repository scanning in 20 ms. Found 0 JPA repository interfaces.
2026-03-30T00:28:45.130+04:00  INFO 2040 --- [AlphaStocks] [           main] o.s.boot.tomcat.TomcatWebServer          : Tomcat initialized with port 8082 (http)
2026-03-30T00:28:45.152+04:00  INFO 2040 --- [AlphaStocks] [           main] o.apache.catalina.core.StandardService   : Starting service [Tomcat]
2026-03-30T00:28:45.152+04:00  INFO 2040 --- [AlphaStocks] [           main] o.apache.catalina.core.StandardEngine    : Starting Servlet engine: [Apache Tomcat/11.0.20]
2026-03-30T00:28:45.245+04:00  INFO 2040 --- [AlphaStocks] [           main] b.w.c.s.WebApplicationContextInitializer : Root WebApplicationContext: initialization completed in 2047 ms
2026-03-30T00:28:45.480+04:00  INFO 2040 --- [AlphaStocks] [           main] com.zaxxer.hikari.HikariDataSource       : HikariPool-1 - Starting...
2026-03-30T00:28:45.786+04:00  INFO 2040 --- [AlphaStocks] [           main] com.zaxxer.hikari.pool.HikariPool        : HikariPool-1 - Added connection conn0: url=jdbc:h2:mem:98d31d7a-a796-4903-80bd-320fff24586e user=SA
2026-03-30T00:28:45.790+04:00  INFO 2040 --- [AlphaStocks] [           main] com.zaxxer.hikari.HikariDataSource       : HikariPool-1 - Start completed.
2026-03-30T00:28:45.850+04:00  INFO 2040 --- [AlphaStocks] [           main] org.hibernate.orm.jpa                    : HHH008540: Processing PersistenceUnitInfo [name: default]
2026-03-30T00:28:45.938+04:00  INFO 2040 --- [AlphaStocks] [           main] org.hibernate.orm.core                   : HHH000001: Hibernate ORM core version 7.2.7.Final
2026-03-30T00:28:46.697+04:00  INFO 2040 --- [AlphaStocks] [           main] o.s.o.j.p.SpringPersistenceUnitInfo      : No LoadTimeWeaver setup: ignoring JPA class transformer
2026-03-30T00:28:46.829+04:00  INFO 2040 --- [AlphaStocks] [           main] org.hibernate.orm.connections.pooling    : HHH10001005: Database info:
	Database JDBC URL [jdbc:h2:mem:98d31d7a-a796-4903-80bd-320fff24586e]
	Database driver: H2 JDBC Driver
	Database dialect: H2Dialect
	Database version: 2.4.240
	Default catalog/schema: 98D31D7A-A796-4903-80BD-320FFF24586E/PUBLIC
	Autocommit mode: undefined/unknown
	Isolation level: READ_COMMITTED [default READ_COMMITTED]
	JDBC fetch size: 100
	Pool: DataSourceConnectionProvider
	Minimum pool size: undefined/unknown
	Maximum pool size: undefined/unknown
2026-03-30T00:28:47.442+04:00  INFO 2040 --- [AlphaStocks] [           main] org.hibernate.orm.core                   : HHH000489: No JTA platform available (set 'hibernate.transaction.jta.platform' to enable JTA platform integration)
2026-03-30T00:28:47.458+04:00  INFO 2040 --- [AlphaStocks] [           main] j.LocalContainerEntityManagerFactoryBean : Initialized JPA EntityManagerFactory for persistence unit 'default'
2026-03-30T00:28:47.946+04:00  WARN 2040 --- [AlphaStocks] [           main] JpaBaseConfiguration$JpaWebConfiguration : spring.jpa.open-in-view is enabled by default. Therefore, database queries may be performed during view rendering. Explicitly configure spring.jpa.open-in-view to disable this warning
2026-03-30T00:28:48.431+04:00  INFO 2040 --- [AlphaStocks] [           main] o.s.boot.tomcat.TomcatWebServer          : Tomcat started on port 8082 (http) with context path '/'
2026-03-30T00:28:48.441+04:00  INFO 2040 --- [AlphaStocks] [           main] c.a.alphastocks.AlphaStocksApplication   : Started AlphaStocksApplication in 6.084 seconds (process running for 6.855)
2026-03-30T00:28:51.792+04:00  INFO 2040 --- [AlphaStocks] [nio-8082-exec-4] o.a.c.c.C.[Tomcat].[localhost].[/]       : Initializing Spring DispatcherServlet 'dispatcherServlet'
2026-03-30T00:28:51.792+04:00  INFO 2040 --- [AlphaStocks] [nio-8082-exec-4] o.s.web.servlet.DispatcherServlet        : Initializing Servlet 'dispatcherServlet'
2026-03-30T00:28:51.795+04:00  INFO 2040 --- [AlphaStocks] [nio-8082-exec-4] o.s.web.servlet.DispatcherServlet        : Completed initialization in 2 ms
